mysql> source Module6_setup.sql;
Query OK, 0 rows affected, 1 warning (0.00 sec)

Query OK, 1 row affected (0.01 sec)

Database changed
Query OK, 0 rows affected, 1 warning (0.01 sec)

Query OK, 0 rows affected, 1 warning (0.00 sec)

Query OK, 0 rows affected (0.02 sec)

Query OK, 0 rows affected (0.03 sec)

Query OK, 3 rows affected (0.02 sec)
Records: 3  Duplicates: 0  Warnings: 0

Query OK, 3 rows affected (0.00 sec)
Records: 3  Duplicates: 0  Warnings: 0

mysql> USE fitness_studio;
Database changed
mysql> SHOW TABLES;
+--------------------------+
| Tables_in_fitness_studio |
+--------------------------+
| Class                    |
| Member                   |
+--------------------------+
2 rows in set (0.00 sec)

mysql> DELIMITER $$
mysql> CREATE FUNCTION MemberTier(Attended INT)
    -> RETURNS VARCHAR(10)
    -> DETERMINISTIC
    -> BEGIN
    -> DECLARE Tier VARCHAR(10);
    -> IF Attended >= 30 THEN
    -> SET Tier = 'Gold';
    -> ELSEIF Attended >= 10 THEN
    -> SET Tier = 'Silver';
    -> ELSE
    -> SET Tier = 'Bronze';
    -> END IF;
    -> RETURN Tier;
    -> END $$
Query OK, 0 rows affected (0.01 sec)

mysql> DELIMITER ;
mysql> SELECT FirstName, LastName, ClassesAttended, MemberTier(ClassesAttended) AS Tier
    -> FROM Member;
+-----------+----------+-----------------+--------+
| FirstName | LastName | ClassesAttended | Tier   |
+-----------+----------+-----------------+--------+
| Kayla     | Ortiz    |              32 | Gold   |
| Dana      | Petrov   |               8 | Bronze |
| Miguel    | Alvarez  |               2 | Bronze |
+-----------+----------+-----------------+--------+
3 rows in set (0.00 sec)

mysql> DELIMITER $$
mysql> CREATE PROCEDURE SignUpForClass(IN p_MemberID INT, IN p_ClassID INT)
    -> BEGIN
    ->     UPDATE Member
    ->     SET ClassesAttended = ClassesAttended + 1
    ->     WHERE MemberID = p_MemberID;
    -> 
    ->     SELECT CONCAT(FirstName, ' ', LastName, ' is now signed up.') AS Confirmation
    ->     FROM Member
    ->     WHERE MemberID = p_MemberID;
    -> END $$
Query OK, 0 rows affected (0.01 sec)

mysql> DELIMITER ;
mysql> CALL SignUpForClass(2, 2);
+-------------------------------+
| Confirmation                  |
+-------------------------------+
| Dana Petrov is now signed up. |
+-------------------------------+
1 row in set (0.00 sec)

Query OK, 0 rows affected (0.00 sec)

mysql> SELECT FirstName, LastName, ClassesAttended FROM Member WHERE MemberID = 2;
+-----------+----------+-----------------+
| FirstName | LastName | ClassesAttended |
+-----------+----------+-----------------+
| Dana      | Petrov   |               9 |
+-----------+----------+-----------------+
1 row in set (0.00 sec)

mysql> CALL SignUpForClass(2, 1);
+-------------------------------+
| Confirmation                  |
+-------------------------------+
| Dana Petrov is now signed up. |
+-------------------------------+
1 row in set (0.00 sec)

Query OK, 0 rows affected (0.00 sec)

mysql> CALL SignUpForClass(3, 3);
+----------------------------------+
| Confirmation                     |
+----------------------------------+
| Miguel Alvarez is now signed up. |
+----------------------------------+
1 row in set (0.01 sec)

Query OK, 0 rows affected (0.01 sec)

mysql> CALL SignUpForClass(1, 1);
+-------------------------------+
| Confirmation                  |
+-------------------------------+
| Kayla Ortiz is now signed up. |
+-------------------------------+
1 row in set (0.01 sec)

Query OK, 0 rows affected (0.01 sec)

mysql> SELECT FirstName, LastName, ClassesAttended, MemberTier(ClassesAttended) AS Tier
    -> FROM Member;
+-----------+----------+-----------------+--------+
| FirstName | LastName | ClassesAttended | Tier   |
+-----------+----------+-----------------+--------+
| Kayla     | Ortiz    |              33 | Gold   |
| Dana      | Petrov   |              10 | Silver |
| Miguel    | Alvarez  |               3 | Bronze |
+-----------+----------+-----------------+--------+
3 rows in set (0.00 sec)

mysql> notee;
